Multicorner Timing Analysis Summary report for InvariantObserver
Sat Jun  7 22:03:05 2014
Quartus II 64-Bit Version 12.1 Build 177 11/07/2012 SJ Full Version


---------------------
; Table of Contents ;
---------------------
  1. Legal Notice
  2. Multicorner Timing Analysis Summary



----------------
; Legal Notice ;
----------------
Copyright (C) 1991-2012 Altera Corporation
Your use of Altera Corporation's design tools, logic functions 
and other software and tools, and its AMPP partner logic 
functions, and any output files from any of the foregoing 
(including device programming or simulation files), and any 
associated documentation or information are expressly subject 
to the terms and conditions of the Altera Program License 
Subscription Agreement, Altera MegaCore Function License 
Agreement, or other applicable license agreement, including, 
without limitation, that your use is for the sole purpose of 
programming logic devices manufactured by Altera and sold by 
Altera or its authorized distributors.  Please refer to the 
applicable agreement for further details.



+--------------------------------------------------------------------------------------------------------------+
; Multicorner Timing Analysis Summary                                                                          ;
+--------------------------------------------------+--------+-------+----------+---------+---------------------+
; Clock                                            ; Setup  ; Hold  ; Recovery ; Removal ; Minimum Pulse Width ;
+--------------------------------------------------+--------+-------+----------+---------+---------------------+
; Worst-case Slack                                 ; -0.248 ; 0.168 ; N/A      ; N/A     ; 4.711               ;
;  CLOCK_50                                        ; N/A    ; N/A   ; N/A      ; N/A     ; 9.400               ;
;  PLL|altpll_component|auto_generated|pll1|clk[1] ; -0.248 ; 0.168 ; N/A      ; N/A     ; 4.711               ;
; Design-wide TNS                                  ; -4.752 ; 0.0   ; 0.0      ; 0.0     ; 0.0                 ;
;  CLOCK_50                                        ; N/A    ; N/A   ; N/A      ; N/A     ; 0.000               ;
;  PLL|altpll_component|auto_generated|pll1|clk[1] ; -4.752 ; 0.000 ; N/A      ; N/A     ; 0.000               ;
+--------------------------------------------------+--------+-------+----------+---------+---------------------+


