Setup: 'PLL|altpll_component|auto_generated|pll1|clk[1]' report for InvariantObserver
Sat Jun  7 22:03:15 2014
Quartus II 64-Bit Version 12.1 Build 177 11/07/2012 SJ Full Version


---------------------
; Table of Contents ;
---------------------
  1. Legal Notice
  2. Slow 1200mV 85C Model Setup: 'PLL|altpll_component|auto_generated|pll1|clk[1]'



----------------
; Legal Notice ;
----------------
Copyright (C) 1991-2012 Altera Corporation
Your use of Altera Corporation's design tools, logic functions 
and other software and tools, and its AMPP partner logic 
functions, and any output files from any of the foregoing 
(including device programming or simulation files), and any 
associated documentation or information are expressly subject 
to the terms and conditions of the Altera Program License 
Subscription Agreement, Altera MegaCore Function License 
Agreement, or other applicable license agreement, including, 
without limitation, that your use is for the sole purpose of 
programming logic devices manufactured by Altera and sold by 
Altera or its authorized distributors.  Please refer to the 
applicable agreement for further details.



+---------------------------------------------------------------------------------------------------------------------------------------------------------------------------------------------------------+
; Slow 1200mV 85C Model Setup: 'PLL|altpll_component|auto_generated|pll1|clk[1]'                                                                                                                          ;
+--------+--------------------+------------------------------+-------------------------------------------------+-------------------------------------------------+--------------+------------+------------+
; Slack  ; From Node          ; To Node                      ; Launch Clock                                    ; Latch Clock                                     ; Relationship ; Clock Skew ; Data Delay ;
+--------+--------------------+------------------------------+-------------------------------------------------+-------------------------------------------------+--------------+------------+------------+
; -0.248 ; phi_s~_Duplicate_1 ; observer:OBS_975|count_p[2]  ; PLL|altpll_component|auto_generated|pll1|clk[1] ; PLL|altpll_component|auto_generated|pll1|clk[1] ; 5.000        ; -0.209     ; 5.037      ;
; -0.248 ; phi_s~_Duplicate_1 ; observer:OBS_975|count_p[3]  ; PLL|altpll_component|auto_generated|pll1|clk[1] ; PLL|altpll_component|auto_generated|pll1|clk[1] ; 5.000        ; -0.209     ; 5.037      ;
; -0.248 ; phi_s~_Duplicate_1 ; observer:OBS_975|count_p[4]  ; PLL|altpll_component|auto_generated|pll1|clk[1] ; PLL|altpll_component|auto_generated|pll1|clk[1] ; 5.000        ; -0.209     ; 5.037      ;
; -0.248 ; phi_s~_Duplicate_1 ; observer:OBS_975|count_p[5]  ; PLL|altpll_component|auto_generated|pll1|clk[1] ; PLL|altpll_component|auto_generated|pll1|clk[1] ; 5.000        ; -0.209     ; 5.037      ;
; -0.248 ; phi_s~_Duplicate_1 ; observer:OBS_975|count_p[6]  ; PLL|altpll_component|auto_generated|pll1|clk[1] ; PLL|altpll_component|auto_generated|pll1|clk[1] ; 5.000        ; -0.209     ; 5.037      ;
; -0.248 ; phi_s~_Duplicate_1 ; observer:OBS_975|count_p[7]  ; PLL|altpll_component|auto_generated|pll1|clk[1] ; PLL|altpll_component|auto_generated|pll1|clk[1] ; 5.000        ; -0.209     ; 5.037      ;
; -0.248 ; phi_s~_Duplicate_1 ; observer:OBS_975|count_p[8]  ; PLL|altpll_component|auto_generated|pll1|clk[1] ; PLL|altpll_component|auto_generated|pll1|clk[1] ; 5.000        ; -0.209     ; 5.037      ;
; -0.248 ; phi_s~_Duplicate_1 ; observer:OBS_975|count_p[12] ; PLL|altpll_component|auto_generated|pll1|clk[1] ; PLL|altpll_component|auto_generated|pll1|clk[1] ; 5.000        ; -0.209     ; 5.037      ;
; -0.248 ; phi_s~_Duplicate_1 ; observer:OBS_975|count_p[13] ; PLL|altpll_component|auto_generated|pll1|clk[1] ; PLL|altpll_component|auto_generated|pll1|clk[1] ; 5.000        ; -0.209     ; 5.037      ;
; -0.248 ; phi_s~_Duplicate_1 ; observer:OBS_975|count_p[14] ; PLL|altpll_component|auto_generated|pll1|clk[1] ; PLL|altpll_component|auto_generated|pll1|clk[1] ; 5.000        ; -0.209     ; 5.037      ;
; -0.248 ; phi_s~_Duplicate_1 ; observer:OBS_975|count_p[15] ; PLL|altpll_component|auto_generated|pll1|clk[1] ; PLL|altpll_component|auto_generated|pll1|clk[1] ; 5.000        ; -0.209     ; 5.037      ;
; -0.248 ; phi_s~_Duplicate_1 ; observer:OBS_975|count_p[0]  ; PLL|altpll_component|auto_generated|pll1|clk[1] ; PLL|altpll_component|auto_generated|pll1|clk[1] ; 5.000        ; -0.209     ; 5.037      ;
; -0.100 ; phi_s~_Duplicate_1 ; observer:OBS_548|count_p[4]  ; PLL|altpll_component|auto_generated|pll1|clk[1] ; PLL|altpll_component|auto_generated|pll1|clk[1] ; 5.000        ; -0.174     ; 4.924      ;
; -0.100 ; phi_s~_Duplicate_1 ; observer:OBS_548|count_p[5]  ; PLL|altpll_component|auto_generated|pll1|clk[1] ; PLL|altpll_component|auto_generated|pll1|clk[1] ; 5.000        ; -0.174     ; 4.924      ;
; -0.100 ; phi_s~_Duplicate_1 ; observer:OBS_548|count_p[6]  ; PLL|altpll_component|auto_generated|pll1|clk[1] ; PLL|altpll_component|auto_generated|pll1|clk[1] ; 5.000        ; -0.174     ; 4.924      ;
; -0.100 ; phi_s~_Duplicate_1 ; observer:OBS_548|count_p[7]  ; PLL|altpll_component|auto_generated|pll1|clk[1] ; PLL|altpll_component|auto_generated|pll1|clk[1] ; 5.000        ; -0.174     ; 4.924      ;
; -0.100 ; phi_s~_Duplicate_1 ; observer:OBS_548|count_p[8]  ; PLL|altpll_component|auto_generated|pll1|clk[1] ; PLL|altpll_component|auto_generated|pll1|clk[1] ; 5.000        ; -0.174     ; 4.924      ;
; -0.100 ; phi_s~_Duplicate_1 ; observer:OBS_548|count_p[9]  ; PLL|altpll_component|auto_generated|pll1|clk[1] ; PLL|altpll_component|auto_generated|pll1|clk[1] ; 5.000        ; -0.174     ; 4.924      ;
; -0.100 ; phi_s~_Duplicate_1 ; observer:OBS_548|count_p[10] ; PLL|altpll_component|auto_generated|pll1|clk[1] ; PLL|altpll_component|auto_generated|pll1|clk[1] ; 5.000        ; -0.174     ; 4.924      ;
; -0.100 ; phi_s~_Duplicate_1 ; observer:OBS_548|count_p[11] ; PLL|altpll_component|auto_generated|pll1|clk[1] ; PLL|altpll_component|auto_generated|pll1|clk[1] ; 5.000        ; -0.174     ; 4.924      ;
; -0.100 ; phi_s~_Duplicate_1 ; observer:OBS_548|count_p[12] ; PLL|altpll_component|auto_generated|pll1|clk[1] ; PLL|altpll_component|auto_generated|pll1|clk[1] ; 5.000        ; -0.174     ; 4.924      ;
; -0.100 ; phi_s~_Duplicate_1 ; observer:OBS_548|count_p[13] ; PLL|altpll_component|auto_generated|pll1|clk[1] ; PLL|altpll_component|auto_generated|pll1|clk[1] ; 5.000        ; -0.174     ; 4.924      ;
; -0.100 ; phi_s~_Duplicate_1 ; observer:OBS_548|count_p[14] ; PLL|altpll_component|auto_generated|pll1|clk[1] ; PLL|altpll_component|auto_generated|pll1|clk[1] ; 5.000        ; -0.174     ; 4.924      ;
; -0.100 ; phi_s~_Duplicate_1 ; observer:OBS_548|count_p[15] ; PLL|altpll_component|auto_generated|pll1|clk[1] ; PLL|altpll_component|auto_generated|pll1|clk[1] ; 5.000        ; -0.174     ; 4.924      ;
; -0.096 ; phi_s~_Duplicate_1 ; observer:OBS_229|count_p[5]  ; PLL|altpll_component|auto_generated|pll1|clk[1] ; PLL|altpll_component|auto_generated|pll1|clk[1] ; 5.000        ; -0.226     ; 4.868      ;
; -0.096 ; phi_s~_Duplicate_1 ; observer:OBS_229|count_p[7]  ; PLL|altpll_component|auto_generated|pll1|clk[1] ; PLL|altpll_component|auto_generated|pll1|clk[1] ; 5.000        ; -0.226     ; 4.868      ;
; -0.032 ; phi_s~_Duplicate_1 ; observer:OBS_101|count_p[2]  ; PLL|altpll_component|auto_generated|pll1|clk[1] ; PLL|altpll_component|auto_generated|pll1|clk[1] ; 5.000        ; -0.219     ; 4.811      ;
; -0.032 ; phi_s~_Duplicate_1 ; observer:OBS_101|count_p[3]  ; PLL|altpll_component|auto_generated|pll1|clk[1] ; PLL|altpll_component|auto_generated|pll1|clk[1] ; 5.000        ; -0.219     ; 4.811      ;
; -0.032 ; phi_s~_Duplicate_1 ; observer:OBS_101|count_p[4]  ; PLL|altpll_component|auto_generated|pll1|clk[1] ; PLL|altpll_component|auto_generated|pll1|clk[1] ; 5.000        ; -0.219     ; 4.811      ;
; -0.032 ; phi_s~_Duplicate_1 ; observer:OBS_101|count_p[5]  ; PLL|altpll_component|auto_generated|pll1|clk[1] ; PLL|altpll_component|auto_generated|pll1|clk[1] ; 5.000        ; -0.219     ; 4.811      ;
; -0.032 ; phi_s~_Duplicate_1 ; observer:OBS_101|count_p[6]  ; PLL|altpll_component|auto_generated|pll1|clk[1] ; PLL|altpll_component|auto_generated|pll1|clk[1] ; 5.000        ; -0.219     ; 4.811      ;
; -0.032 ; phi_s~_Duplicate_1 ; observer:OBS_101|count_p[7]  ; PLL|altpll_component|auto_generated|pll1|clk[1] ; PLL|altpll_component|auto_generated|pll1|clk[1] ; 5.000        ; -0.219     ; 4.811      ;
; -0.032 ; phi_s~_Duplicate_1 ; observer:OBS_101|count_p[10] ; PLL|altpll_component|auto_generated|pll1|clk[1] ; PLL|altpll_component|auto_generated|pll1|clk[1] ; 5.000        ; -0.219     ; 4.811      ;
; -0.032 ; phi_s~_Duplicate_1 ; observer:OBS_101|count_p[12] ; PLL|altpll_component|auto_generated|pll1|clk[1] ; PLL|altpll_component|auto_generated|pll1|clk[1] ; 5.000        ; -0.219     ; 4.811      ;
; -0.032 ; phi_s~_Duplicate_1 ; observer:OBS_101|count_p[13] ; PLL|altpll_component|auto_generated|pll1|clk[1] ; PLL|altpll_component|auto_generated|pll1|clk[1] ; 5.000        ; -0.219     ; 4.811      ;
; -0.032 ; phi_s~_Duplicate_1 ; observer:OBS_101|count_p[14] ; PLL|altpll_component|auto_generated|pll1|clk[1] ; PLL|altpll_component|auto_generated|pll1|clk[1] ; 5.000        ; -0.219     ; 4.811      ;
; -0.032 ; phi_s~_Duplicate_1 ; observer:OBS_101|count_p[15] ; PLL|altpll_component|auto_generated|pll1|clk[1] ; PLL|altpll_component|auto_generated|pll1|clk[1] ; 5.000        ; -0.219     ; 4.811      ;
; -0.032 ; phi_s~_Duplicate_1 ; observer:OBS_101|count_p[0]  ; PLL|altpll_component|auto_generated|pll1|clk[1] ; PLL|altpll_component|auto_generated|pll1|clk[1] ; 5.000        ; -0.219     ; 4.811      ;
; 0.004  ; phi_s~_Duplicate_1 ; observer:OBS_722|count_p[2]  ; PLL|altpll_component|auto_generated|pll1|clk[1] ; PLL|altpll_component|auto_generated|pll1|clk[1] ; 5.000        ; 0.252      ; 5.246      ;
; 0.004  ; phi_s~_Duplicate_1 ; observer:OBS_722|count_p[3]  ; PLL|altpll_component|auto_generated|pll1|clk[1] ; PLL|altpll_component|auto_generated|pll1|clk[1] ; 5.000        ; 0.252      ; 5.246      ;
; 0.004  ; phi_s~_Duplicate_1 ; observer:OBS_722|count_p[4]  ; PLL|altpll_component|auto_generated|pll1|clk[1] ; PLL|altpll_component|auto_generated|pll1|clk[1] ; 5.000        ; 0.252      ; 5.246      ;
; 0.004  ; phi_s~_Duplicate_1 ; observer:OBS_722|count_p[5]  ; PLL|altpll_component|auto_generated|pll1|clk[1] ; PLL|altpll_component|auto_generated|pll1|clk[1] ; 5.000        ; 0.252      ; 5.246      ;
; 0.004  ; phi_s~_Duplicate_1 ; observer:OBS_722|count_p[6]  ; PLL|altpll_component|auto_generated|pll1|clk[1] ; PLL|altpll_component|auto_generated|pll1|clk[1] ; 5.000        ; 0.252      ; 5.246      ;
; 0.004  ; phi_s~_Duplicate_1 ; observer:OBS_722|count_p[7]  ; PLL|altpll_component|auto_generated|pll1|clk[1] ; PLL|altpll_component|auto_generated|pll1|clk[1] ; 5.000        ; 0.252      ; 5.246      ;
; 0.004  ; phi_s~_Duplicate_1 ; observer:OBS_722|count_p[8]  ; PLL|altpll_component|auto_generated|pll1|clk[1] ; PLL|altpll_component|auto_generated|pll1|clk[1] ; 5.000        ; 0.252      ; 5.246      ;
; 0.004  ; phi_s~_Duplicate_1 ; observer:OBS_722|count_p[12] ; PLL|altpll_component|auto_generated|pll1|clk[1] ; PLL|altpll_component|auto_generated|pll1|clk[1] ; 5.000        ; 0.252      ; 5.246      ;
; 0.004  ; phi_s~_Duplicate_1 ; observer:OBS_722|count_p[13] ; PLL|altpll_component|auto_generated|pll1|clk[1] ; PLL|altpll_component|auto_generated|pll1|clk[1] ; 5.000        ; 0.252      ; 5.246      ;
; 0.004  ; phi_s~_Duplicate_1 ; observer:OBS_722|count_p[14] ; PLL|altpll_component|auto_generated|pll1|clk[1] ; PLL|altpll_component|auto_generated|pll1|clk[1] ; 5.000        ; 0.252      ; 5.246      ;
; 0.004  ; phi_s~_Duplicate_1 ; observer:OBS_722|count_p[15] ; PLL|altpll_component|auto_generated|pll1|clk[1] ; PLL|altpll_component|auto_generated|pll1|clk[1] ; 5.000        ; 0.252      ; 5.246      ;
; 0.004  ; phi_s~_Duplicate_1 ; observer:OBS_722|count_p[0]  ; PLL|altpll_component|auto_generated|pll1|clk[1] ; PLL|altpll_component|auto_generated|pll1|clk[1] ; 5.000        ; 0.252      ; 5.246      ;
; 0.009  ; phi_s~_Duplicate_1 ; observer:OBS_494|count_p[4]  ; PLL|altpll_component|auto_generated|pll1|clk[1] ; PLL|altpll_component|auto_generated|pll1|clk[1] ; 5.000        ; -0.155     ; 4.834      ;
; 0.009  ; phi_s~_Duplicate_1 ; observer:OBS_494|count_p[5]  ; PLL|altpll_component|auto_generated|pll1|clk[1] ; PLL|altpll_component|auto_generated|pll1|clk[1] ; 5.000        ; -0.155     ; 4.834      ;
; 0.009  ; phi_s~_Duplicate_1 ; observer:OBS_494|count_p[6]  ; PLL|altpll_component|auto_generated|pll1|clk[1] ; PLL|altpll_component|auto_generated|pll1|clk[1] ; 5.000        ; -0.155     ; 4.834      ;
; 0.009  ; phi_s~_Duplicate_1 ; observer:OBS_494|count_p[7]  ; PLL|altpll_component|auto_generated|pll1|clk[1] ; PLL|altpll_component|auto_generated|pll1|clk[1] ; 5.000        ; -0.155     ; 4.834      ;
; 0.009  ; phi_s~_Duplicate_1 ; observer:OBS_494|count_p[8]  ; PLL|altpll_component|auto_generated|pll1|clk[1] ; PLL|altpll_component|auto_generated|pll1|clk[1] ; 5.000        ; -0.155     ; 4.834      ;
; 0.009  ; phi_s~_Duplicate_1 ; observer:OBS_494|count_p[9]  ; PLL|altpll_component|auto_generated|pll1|clk[1] ; PLL|altpll_component|auto_generated|pll1|clk[1] ; 5.000        ; -0.155     ; 4.834      ;
; 0.009  ; phi_s~_Duplicate_1 ; observer:OBS_494|count_p[10] ; PLL|altpll_component|auto_generated|pll1|clk[1] ; PLL|altpll_component|auto_generated|pll1|clk[1] ; 5.000        ; -0.155     ; 4.834      ;
; 0.009  ; phi_s~_Duplicate_1 ; observer:OBS_494|count_p[11] ; PLL|altpll_component|auto_generated|pll1|clk[1] ; PLL|altpll_component|auto_generated|pll1|clk[1] ; 5.000        ; -0.155     ; 4.834      ;
; 0.009  ; phi_s~_Duplicate_1 ; observer:OBS_494|count_p[12] ; PLL|altpll_component|auto_generated|pll1|clk[1] ; PLL|altpll_component|auto_generated|pll1|clk[1] ; 5.000        ; -0.155     ; 4.834      ;
; 0.009  ; phi_s~_Duplicate_1 ; observer:OBS_494|count_p[13] ; PLL|altpll_component|auto_generated|pll1|clk[1] ; PLL|altpll_component|auto_generated|pll1|clk[1] ; 5.000        ; -0.155     ; 4.834      ;
; 0.009  ; phi_s~_Duplicate_1 ; observer:OBS_494|count_p[14] ; PLL|altpll_component|auto_generated|pll1|clk[1] ; PLL|altpll_component|auto_generated|pll1|clk[1] ; 5.000        ; -0.155     ; 4.834      ;
; 0.009  ; phi_s~_Duplicate_1 ; observer:OBS_494|count_p[15] ; PLL|altpll_component|auto_generated|pll1|clk[1] ; PLL|altpll_component|auto_generated|pll1|clk[1] ; 5.000        ; -0.155     ; 4.834      ;
; 0.013  ; phi_s~_Duplicate_1 ; observer:OBS_975|count_p[9]  ; PLL|altpll_component|auto_generated|pll1|clk[1] ; PLL|altpll_component|auto_generated|pll1|clk[1] ; 5.000        ; -0.218     ; 4.767      ;
; 0.013  ; phi_s~_Duplicate_1 ; observer:OBS_975|count_p[10] ; PLL|altpll_component|auto_generated|pll1|clk[1] ; PLL|altpll_component|auto_generated|pll1|clk[1] ; 5.000        ; -0.218     ; 4.767      ;
; 0.013  ; phi_s~_Duplicate_1 ; observer:OBS_975|count_p[11] ; PLL|altpll_component|auto_generated|pll1|clk[1] ; PLL|altpll_component|auto_generated|pll1|clk[1] ; 5.000        ; -0.218     ; 4.767      ;
; 0.024  ; phi_s~_Duplicate_1 ; observer:OBS_999|count_p[2]  ; PLL|altpll_component|auto_generated|pll1|clk[1] ; PLL|altpll_component|auto_generated|pll1|clk[1] ; 5.000        ; 0.242      ; 5.216      ;
; 0.024  ; phi_s~_Duplicate_1 ; observer:OBS_999|count_p[3]  ; PLL|altpll_component|auto_generated|pll1|clk[1] ; PLL|altpll_component|auto_generated|pll1|clk[1] ; 5.000        ; 0.242      ; 5.216      ;
; 0.024  ; phi_s~_Duplicate_1 ; observer:OBS_999|count_p[4]  ; PLL|altpll_component|auto_generated|pll1|clk[1] ; PLL|altpll_component|auto_generated|pll1|clk[1] ; 5.000        ; 0.242      ; 5.216      ;
; 0.024  ; phi_s~_Duplicate_1 ; observer:OBS_999|count_p[5]  ; PLL|altpll_component|auto_generated|pll1|clk[1] ; PLL|altpll_component|auto_generated|pll1|clk[1] ; 5.000        ; 0.242      ; 5.216      ;
; 0.024  ; phi_s~_Duplicate_1 ; observer:OBS_999|count_p[6]  ; PLL|altpll_component|auto_generated|pll1|clk[1] ; PLL|altpll_component|auto_generated|pll1|clk[1] ; 5.000        ; 0.242      ; 5.216      ;
; 0.024  ; phi_s~_Duplicate_1 ; observer:OBS_999|count_p[7]  ; PLL|altpll_component|auto_generated|pll1|clk[1] ; PLL|altpll_component|auto_generated|pll1|clk[1] ; 5.000        ; 0.242      ; 5.216      ;
; 0.024  ; phi_s~_Duplicate_1 ; observer:OBS_999|count_p[8]  ; PLL|altpll_component|auto_generated|pll1|clk[1] ; PLL|altpll_component|auto_generated|pll1|clk[1] ; 5.000        ; 0.242      ; 5.216      ;
; 0.024  ; phi_s~_Duplicate_1 ; observer:OBS_999|count_p[9]  ; PLL|altpll_component|auto_generated|pll1|clk[1] ; PLL|altpll_component|auto_generated|pll1|clk[1] ; 5.000        ; 0.242      ; 5.216      ;
; 0.024  ; phi_s~_Duplicate_1 ; observer:OBS_999|count_p[10] ; PLL|altpll_component|auto_generated|pll1|clk[1] ; PLL|altpll_component|auto_generated|pll1|clk[1] ; 5.000        ; 0.242      ; 5.216      ;
; 0.024  ; phi_s~_Duplicate_1 ; observer:OBS_999|count_p[11] ; PLL|altpll_component|auto_generated|pll1|clk[1] ; PLL|altpll_component|auto_generated|pll1|clk[1] ; 5.000        ; 0.242      ; 5.216      ;
; 0.024  ; phi_s~_Duplicate_1 ; observer:OBS_999|count_p[12] ; PLL|altpll_component|auto_generated|pll1|clk[1] ; PLL|altpll_component|auto_generated|pll1|clk[1] ; 5.000        ; 0.242      ; 5.216      ;
; 0.024  ; phi_s~_Duplicate_1 ; observer:OBS_999|count_p[13] ; PLL|altpll_component|auto_generated|pll1|clk[1] ; PLL|altpll_component|auto_generated|pll1|clk[1] ; 5.000        ; 0.242      ; 5.216      ;
; 0.024  ; phi_s~_Duplicate_1 ; observer:OBS_999|count_p[14] ; PLL|altpll_component|auto_generated|pll1|clk[1] ; PLL|altpll_component|auto_generated|pll1|clk[1] ; 5.000        ; 0.242      ; 5.216      ;
; 0.024  ; phi_s~_Duplicate_1 ; observer:OBS_999|count_p[15] ; PLL|altpll_component|auto_generated|pll1|clk[1] ; PLL|altpll_component|auto_generated|pll1|clk[1] ; 5.000        ; 0.242      ; 5.216      ;
; 0.024  ; phi_s~_Duplicate_1 ; observer:OBS_999|count_p[0]  ; PLL|altpll_component|auto_generated|pll1|clk[1] ; PLL|altpll_component|auto_generated|pll1|clk[1] ; 5.000        ; 0.242      ; 5.216      ;
; 0.032  ; phi_s~_Duplicate_1 ; observer:OBS_155|count_p[4]  ; PLL|altpll_component|auto_generated|pll1|clk[1] ; PLL|altpll_component|auto_generated|pll1|clk[1] ; 5.000        ; 0.279      ; 5.245      ;
; 0.032  ; phi_s~_Duplicate_1 ; observer:OBS_155|count_p[5]  ; PLL|altpll_component|auto_generated|pll1|clk[1] ; PLL|altpll_component|auto_generated|pll1|clk[1] ; 5.000        ; 0.279      ; 5.245      ;
; 0.032  ; phi_s~_Duplicate_1 ; observer:OBS_155|count_p[6]  ; PLL|altpll_component|auto_generated|pll1|clk[1] ; PLL|altpll_component|auto_generated|pll1|clk[1] ; 5.000        ; 0.279      ; 5.245      ;
; 0.032  ; phi_s~_Duplicate_1 ; observer:OBS_155|count_p[7]  ; PLL|altpll_component|auto_generated|pll1|clk[1] ; PLL|altpll_component|auto_generated|pll1|clk[1] ; 5.000        ; 0.279      ; 5.245      ;
; 0.032  ; phi_s~_Duplicate_1 ; observer:OBS_155|count_p[8]  ; PLL|altpll_component|auto_generated|pll1|clk[1] ; PLL|altpll_component|auto_generated|pll1|clk[1] ; 5.000        ; 0.279      ; 5.245      ;
; 0.043  ; phi_s~_Duplicate_1 ; observer:OBS_153|count_p[2]  ; PLL|altpll_component|auto_generated|pll1|clk[1] ; PLL|altpll_component|auto_generated|pll1|clk[1] ; 5.000        ; 0.201      ; 5.156      ;
; 0.043  ; phi_s~_Duplicate_1 ; observer:OBS_153|count_p[3]  ; PLL|altpll_component|auto_generated|pll1|clk[1] ; PLL|altpll_component|auto_generated|pll1|clk[1] ; 5.000        ; 0.201      ; 5.156      ;
; 0.043  ; phi_s~_Duplicate_1 ; observer:OBS_153|count_p[4]  ; PLL|altpll_component|auto_generated|pll1|clk[1] ; PLL|altpll_component|auto_generated|pll1|clk[1] ; 5.000        ; 0.201      ; 5.156      ;
; 0.043  ; phi_s~_Duplicate_1 ; observer:OBS_153|count_p[5]  ; PLL|altpll_component|auto_generated|pll1|clk[1] ; PLL|altpll_component|auto_generated|pll1|clk[1] ; 5.000        ; 0.201      ; 5.156      ;
; 0.043  ; phi_s~_Duplicate_1 ; observer:OBS_153|count_p[6]  ; PLL|altpll_component|auto_generated|pll1|clk[1] ; PLL|altpll_component|auto_generated|pll1|clk[1] ; 5.000        ; 0.201      ; 5.156      ;
; 0.043  ; phi_s~_Duplicate_1 ; observer:OBS_153|count_p[7]  ; PLL|altpll_component|auto_generated|pll1|clk[1] ; PLL|altpll_component|auto_generated|pll1|clk[1] ; 5.000        ; 0.201      ; 5.156      ;
; 0.043  ; phi_s~_Duplicate_1 ; observer:OBS_153|count_p[8]  ; PLL|altpll_component|auto_generated|pll1|clk[1] ; PLL|altpll_component|auto_generated|pll1|clk[1] ; 5.000        ; 0.201      ; 5.156      ;
; 0.043  ; phi_s~_Duplicate_1 ; observer:OBS_153|count_p[12] ; PLL|altpll_component|auto_generated|pll1|clk[1] ; PLL|altpll_component|auto_generated|pll1|clk[1] ; 5.000        ; 0.201      ; 5.156      ;
; 0.043  ; phi_s~_Duplicate_1 ; observer:OBS_153|count_p[13] ; PLL|altpll_component|auto_generated|pll1|clk[1] ; PLL|altpll_component|auto_generated|pll1|clk[1] ; 5.000        ; 0.201      ; 5.156      ;
; 0.043  ; phi_s~_Duplicate_1 ; observer:OBS_153|count_p[14] ; PLL|altpll_component|auto_generated|pll1|clk[1] ; PLL|altpll_component|auto_generated|pll1|clk[1] ; 5.000        ; 0.201      ; 5.156      ;
; 0.043  ; phi_s~_Duplicate_1 ; observer:OBS_153|count_p[15] ; PLL|altpll_component|auto_generated|pll1|clk[1] ; PLL|altpll_component|auto_generated|pll1|clk[1] ; 5.000        ; 0.201      ; 5.156      ;
; 0.043  ; phi_s~_Duplicate_1 ; observer:OBS_153|count_p[0]  ; PLL|altpll_component|auto_generated|pll1|clk[1] ; PLL|altpll_component|auto_generated|pll1|clk[1] ; 5.000        ; 0.201      ; 5.156      ;
; 0.044  ; phi_s~_Duplicate_1 ; observer:OBS_68|count_p[2]   ; PLL|altpll_component|auto_generated|pll1|clk[1] ; PLL|altpll_component|auto_generated|pll1|clk[1] ; 5.000        ; 0.205      ; 5.159      ;
; 0.044  ; phi_s~_Duplicate_1 ; observer:OBS_68|count_p[3]   ; PLL|altpll_component|auto_generated|pll1|clk[1] ; PLL|altpll_component|auto_generated|pll1|clk[1] ; 5.000        ; 0.205      ; 5.159      ;
; 0.044  ; phi_s~_Duplicate_1 ; observer:OBS_68|count_p[4]   ; PLL|altpll_component|auto_generated|pll1|clk[1] ; PLL|altpll_component|auto_generated|pll1|clk[1] ; 5.000        ; 0.205      ; 5.159      ;
+--------+--------------------+------------------------------+-------------------------------------------------+-------------------------------------------------+--------------+------------+------------+


